import time: self [us] | cumulative | imported package
import time:       130 |        130 |   _io
import time:       220 |        220 |   marshal
import time:       475 |        475 |   posix
import time:     20635 |      21458 | _frozen_importlib_external
import time:     45669 |      45669 |   time
import time:       457 |      46125 | zipimport
import time:        74 |         74 |     _codecs
import time:       774 |        848 |   codecs
import time:     88900 |      88900 |   encodings.aliases
import time:    100083 |     189830 | encodings
import time:     62767 |      62767 | encodings.utf_8
import time:       131 |        131 | _signal
import time:        39 |         39 |     _abc
import time:       194 |        232 |   abc
import time:       278 |        510 | io
import time:        53 |         53 |       _stat
import time:       161 |        214 |     stat
import time:      1247 |       1247 |     _collections_abc
import time:        79 |         79 |       errno
import time:       113 |        113 |       genericpath
import time:       277 |        468 |     posixpath
import time:      1702 |       3630 |   os
import time:       125 |        125 |   _sitebuiltins
import time:     48787 |      48787 |   encodings.utf_8_sig
import time:     86030 |      86030 |   _virtualenv
import time:       876 |        876 |   sitecustomize
import time:     57898 |     197343 | site
import time:      2889 |       2889 | linecache
import time:     18972 |      18972 |     axiom_encode.constants
import time:       224 |        224 |               itertools
import time:     33640 |      33640 |               keyword
import time:       183 |        183 |                 _operator
import time:     55301 |      55483 |               operator
import time:     96249 |      96249 |               reprlib
import time:       172 |        172 |               _collections
import time:     61970 |     247736 |             collections
import time:     21070 |      21070 |               concurrent
import time:        63 |         63 |                         _functools
import time:      8116 |       8179 |                       functools
import time:     53756 |      53756 |                       types
import time:    152475 |     214410 |                     enum
import time:       194 |        194 |                       _sre
import time:     31077 |      31077 |                         re._constants
import time:     53450 |      84527 |                       re._parser
import time:     54652 |      54652 |                       re._casefix
import time:     39976 |     179347 |                     re._compiler
import time:      6600 |       6600 |                     copyreg
import time:     63355 |     463711 |                   re
import time:      2855 |       2855 |                     textwrap
import time:      4358 |       4358 |                     warnings
import time:     31138 |      31138 |                     contextlib
import time:     15683 |      15683 |                       __future__
import time:     55759 |      71441 |                     _colorize
import time:     12412 |     122203 |                   traceback
import time:     83907 |      83907 |                     _weakrefset
import time:     26667 |     110573 |                   weakref
import time:        70 |         70 |                     _string
import time:      4137 |       4206 |                   string
import time:      5540 |       5540 |                   threading
import time:        98 |         98 |                   atexit
import time:      5645 |     711973 |                 logging
import time:      5253 |     717225 |               concurrent.futures._base
import time:       297 |     738591 |             concurrent.futures
import time:        88 |         88 |               _heapq
import time:     11289 |      11376 |             heapq
import time:       787 |        787 |               _socket
import time:       142 |        142 |                 math
import time:        85 |         85 |                 select
import time:      7738 |       7964 |               selectors
import time:       114 |        114 |               array
import time:     44613 |      53476 |             socket
import time:       140 |        140 |                 _locale
import time:      7855 |       7995 |               locale
import time:     13652 |      13652 |               signal
import time:        79 |         79 |               fcntl
import time:       116 |        116 |               msvcrt
import time:        20 |         20 |               _posixsubprocess
import time:      5197 |      27057 |             subprocess
import time:      1438 |       1438 |               _ssl
import time:       152 |        152 |                   _struct
import time:     11888 |      12040 |                 struct
import time:        75 |         75 |                 binascii
import time:       450 |      12565 |               base64
import time:      3389 |      17391 |             ssl
import time:       820 |        820 |             asyncio.constants
import time:        84 |         84 |                   _ast
import time:      3528 |       3612 |                 ast
import time:       146 |        146 |                     _opcode
import time:      7550 |       7550 |                     _opcode_metadata
import time:     13041 |      20736 |                   opcode
import time:     26389 |      47125 |                 dis
import time:     65806 |      65806 |                   importlib
import time:       182 |      65988 |                 importlib.machinery
import time:      7571 |       7571 |                   token
import time:        89 |         89 |                   _tokenize
import time:     27397 |      35057 |                 tokenize
import time:     44585 |     196364 |               inspect
import time:       307 |     196671 |             asyncio.coroutines
import time:       227 |        227 |                 _contextvars
import time:      3229 |       3456 |               contextvars
import time:       663 |        663 |               asyncio.format_helpers
import time:     40060 |      40060 |                 asyncio.base_futures
import time:       656 |        656 |                 asyncio.exceptions
import time:       420 |        420 |                 asyncio.base_tasks
import time:       926 |      42060 |               _asyncio
import time:      1387 |      47564 |             asyncio.events
import time:       843 |        843 |             asyncio.futures
import time:       437 |        437 |             asyncio.protocols
import time:       654 |        654 |               asyncio.transports
import time:      1135 |       1135 |               asyncio.log
import time:      1097 |       2885 |             asyncio.sslproto
import time:       158 |        158 |                 asyncio.mixins
import time:       531 |        688 |               asyncio.locks
import time:       321 |        321 |                 asyncio.queues
import time:       119 |        119 |                     _typing
import time:    196334 |     196452 |                   typing
import time:      6341 |     202792 |                 asyncio.timeouts
import time:     16678 |     219790 |               asyncio.tasks
import time:       392 |     220870 |             asyncio.staggered
import time:       383 |        383 |             asyncio.trsock
import time:     10706 |    1576800 |           asyncio.base_events
import time:       473 |        473 |           asyncio.runners
import time:       470 |        470 |           asyncio.streams
import time:       306 |        306 |           asyncio.subprocess
import time:       227 |        227 |           asyncio.taskgroups
import time:       155 |        155 |           asyncio.threads
import time:       337 |        337 |             asyncio.base_subprocess
import time:     27646 |      27646 |             asyncio.selector_events
import time:       791 |      28773 |           asyncio.unix_events
import time:       603 |    1607805 |         asyncio
import time:      1331 |       1331 |           _hashlib
import time:        61 |         61 |           _blake2
import time:       443 |       1834 |         hashlib
import time:       132 |        132 |               _json
import time:     11163 |      11295 |             json.scanner
import time:     14451 |      25746 |           json.decoder
import time:     14710 |      14710 |           json.encoder
import time:     42184 |      82639 |         json
import time:     56752 |      56752 |           copy
import time:     99890 |     156641 |         dataclasses
import time:       415 |        415 |               fnmatch
import time:       871 |       1286 |             glob
import time:     97293 |      98579 |           pathlib._abc
import time:        98 |         98 |               _winapi
import time:        54 |         54 |               nt
import time:        81 |         81 |               nt
import time:        66 |         66 |               nt
import time:        49 |         49 |               nt
import time:        39 |         39 |               nt
import time:        41 |         41 |               nt
import time:        42 |         42 |               nt
import time:       372 |        838 |             ntpath
import time:        40 |         40 |             pwd
import time:        22 |         22 |             grp
import time:       628 |       1527 |           pathlib._local
import time:     24735 |     124840 |         pathlib
import time:       303 |        303 |             zlib
import time:     28189 |      28189 |               _compression
import time:       195 |        195 |               _bz2
import time:     44689 |      73072 |             bz2
import time:       146 |        146 |               _lzma
import time:     81712 |      81858 |             lzma
import time:     34584 |     189816 |           shutil
import time:       215 |     190031 |         axiom_encode.codex_cli
import time:       789 |        789 |             axiom_encode.prompts.encoder
import time:       296 |       1085 |           axiom_encode.prompts
import time:        58 |       1142 |         axiom_encode.prompts.encoder
import time:       428 |        428 |                 _datetime
import time:     16752 |      17180 |               datetime
import time:      1356 |       1356 |               _sqlite3
import time:       516 |      19050 |             sqlite3.dbapi2
import time:       365 |      19415 |           sqlite3
import time:       125 |        125 |             _uuid
import time:      8867 |       8992 |           uuid
import time:     54940 |      83345 |         axiom_encode.harness.encoding_db
import time:       405 |        405 |               cryptography.__about__
import time:       404 |        808 |             cryptography
import time:       199 |        199 |                 cryptography.hazmat
import time:       332 |        530 |               cryptography.hazmat.bindings
import time:      2216 |       2216 |               _cffi_backend
import time:     46315 |      49060 |             cryptography.hazmat.bindings._rust
import time:       395 |      50262 |           cryptography.exceptions
import time:       322 |        322 |           cryptography.hazmat.primitives
import time:       467 |        467 |               cryptography.utils
import time:       382 |        382 |               cryptography.hazmat.primitives.hashes
import time:       915 |       1763 |             cryptography.hazmat.primitives._serialization
import time:       341 |        341 |             cryptography.hazmat.primitives.serialization.base
import time:       366 |        366 |               cryptography.hazmat.primitives.asymmetric
import time:       208 |        208 |                 cryptography.hazmat.primitives.asymmetric.utils
import time:       538 |        746 |               cryptography.hazmat.primitives.asymmetric.dsa
import time:       564 |        564 |                 cryptography.hazmat._oid
import time:       614 |       1177 |               cryptography.hazmat.primitives.asymmetric.ec
import time:       405 |        405 |               cryptography.hazmat.primitives.asymmetric.ed25519
import time:       192 |        192 |                 cryptography.hazmat.primitives._asymmetric
import time:        97 |         97 |                       _bisect
import time:     90604 |      90700 |                     bisect
import time:        72 |         72 |                     _random
import time:    209306 |     300077 |                   random
import time:       322 |     300399 |                 cryptography.hazmat.primitives.asymmetric.rsa
import time:       447 |     301037 |               cryptography.hazmat.primitives.asymmetric.padding
import time:       239 |        239 |                 cryptography.hazmat.primitives._cipheralgorithm
import time:     19006 |      19006 |                           cryptography.hazmat.decrepit
import time:    101061 |     120066 |                         cryptography.hazmat.decrepit.ciphers
import time:     88627 |     208693 |                       cryptography.hazmat.decrepit.ciphers.algorithms
import time:     74720 |     283413 |                     cryptography.hazmat.primitives.ciphers.algorithms
import time:     14787 |     298200 |                   cryptography.hazmat.primitives.ciphers.modes
import time:     69041 |     367241 |                 cryptography.hazmat.primitives.ciphers.base
import time:       402 |     367880 |               cryptography.hazmat.primitives.ciphers
import time:       135 |        135 |               bcrypt
import time:     91748 |     763490 |             cryptography.hazmat.primitives.serialization.ssh
import time:       436 |     766029 |           cryptography.hazmat.primitives.serialization
import time:       283 |        283 |               _ctypes
import time:      1444 |       1444 |               ctypes._endian
import time:     28106 |      29831 |             ctypes
import time:       126 |        126 |             resource
import time:     53182 |      83138 |           axiom_encode.signing_broker
import time:       468 |     900217 |         axiom_encode.harness.eval_evidence
import time:      2422 |       2422 |                   tomllib._types
import time:      5453 |       7874 |                 tomllib._re
import time:      2615 |      10488 |               tomllib._parser
import time:     25388 |      35876 |             tomllib
import time:     73778 |     109654 |           axiom_encode.harness.pricing
import time:      3185 |     112839 |         axiom_encode.harness.observability
import time:    132052 |    3393378 |       axiom_encode.harness.backends
import time:     23695 |      23695 |         tempfile
import time:        47 |         47 |         unicodedata
import time:     45912 |      45912 |           numbers
import time:      1693 |       1693 |               _decimal
import time:     25576 |      27268 |             decimal
import time:      2774 |      30041 |           fractions
import time:       649 |        649 |           _statistics
import time:      1211 |      77812 |         statistics
import time:    164327 |     164327 |                 email
import time:       940 |     165266 |               email.errors
import time:       722 |        722 |                 http
import time:       276 |        276 |                         email.quoprimime
import time:       161 |        161 |                         email.base64mime
import time:       315 |        315 |                             quopri
import time:       875 |       1190 |                           email.encoders
import time:     12695 |      13884 |                         email.charset
import time:      1315 |      15635 |                       email.header
import time:       316 |        316 |                           urllib
import time:    181326 |     181326 |                           ipaddress
import time:     35071 |     216712 |                         urllib.parse
import time:       795 |        795 |                         email._parseaddr
import time:       706 |     218213 |                       email.utils
import time:       528 |     234375 |                     email._policybase
import time:       838 |     235213 |                   email.feedparser
import time:       440 |     235652 |                 email.parser
import time:       571 |        571 |                   email._encoded_words
import time:       187 |        187 |                   email.iterators
import time:     61449 |      62207 |                 email.message
import time:      1505 |     300084 |               http.client
import time:       856 |     466205 |             urllib3.exceptions
import time:       550 |        550 |                     urllib3.util.timeout
import time:     30357 |      30907 |                   urllib3.util.connection
import time:       201 |        201 |                     urllib3.util.util
import time:       144 |        144 |                     brotlicffi
import time:       101 |        101 |                     brotli
import time:        97 |         97 |                     backports
import time:      1239 |       1780 |                   urllib3.util.request
import time:       317 |        317 |                   urllib3.util.response
import time:       551 |        551 |                   urllib3.util.retry
import time:       445 |        445 |                     hmac
import time:    279312 |     279312 |                     urllib3.util.url
import time:       858 |        858 |                     urllib3.util.ssltransport
import time:     15597 |     296212 |                   urllib3.util.ssl_
import time:       283 |        283 |                   urllib3.util.wait
import time:       309 |     330356 |                 urllib3.util
import time:        34 |     330389 |               urllib3.util.connection
import time:      1271 |     331660 |             urllib3._base_connection
import time:      2898 |       2898 |             urllib3._collections
import time:       276 |        276 |             urllib3._version
import time:        73 |         73 |                 _queue
import time:       465 |        538 |               queue
import time:       112 |        112 |                       _winapi
import time:        85 |         85 |                       winreg
import time:       352 |        548 |                     mimetypes
import time:       544 |       1092 |                   urllib3.fields
import time:       253 |       1344 |                 urllib3.filepost
import time:       147 |        147 |                   brotlicffi
import time:       133 |        133 |                   brotli
import time:     36568 |      36568 |                             importlib._abc
import time:       610 |      37177 |                           importlib.util
import time:    126874 |     126874 |                             zipfile._path.glob
import time:    139035 |     265909 |                           zipfile._path
import time:    268661 |     571746 |                         zipfile
import time:     32355 |      32355 |                         importlib.metadata._meta
import time:     41596 |      41596 |                         importlib.metadata._collections
import time:      6612 |       6612 |                         importlib.metadata._functools
import time:      3081 |       3081 |                         importlib.metadata._itertools
import time:     60936 |      60936 |                               importlib.resources.abc
import time:     27359 |      88295 |                             importlib.resources._common
import time:     20559 |      20559 |                             importlib.resources._functional
import time:      6312 |     115165 |                           importlib.resources
import time:      3101 |     118266 |                         importlib.abc
import time:     16627 |     790281 |                       importlib.metadata
import time:       232 |     790512 |                     urllib3.http2
import time:       759 |        759 |                     urllib3.http2.probe
import time:       405 |        405 |                     urllib3.util.ssl_match_hostname
import time:      1240 |     792915 |                   urllib3.connection
import time:       366 |        366 |                   backports
import time:      1052 |     794611 |                 urllib3.response
import time:       421 |     796375 |               urllib3._request_methods
import time:       334 |        334 |               urllib3.util.proxy
import time:       718 |     797964 |             urllib3.connectionpool
import time:      1639 |       1639 |             urllib3.poolmanager
import time:     56223 |    1656861 |           urllib3
import time:      2638 |       2638 |                   charset_normalizer.constant
import time:      1050 |       1050 |                     charset_normalizer.md__mypyc
import time:        71 |         71 |                       _multibytecodec
import time:       561 |        631 |                     charset_normalizer.utils
import time:      5188 |       6868 |                   charset_normalizer.md
import time:     25818 |      25818 |                   charset_normalizer.models
import time:       438 |      35760 |                 charset_normalizer.cd
import time:       648 |      36407 |               charset_normalizer.api
import time:       263 |        263 |               charset_normalizer.legacy
import time:       123 |        123 |               charset_normalizer.version
import time:     14007 |      14007 |               simplejson
import time:     62672 |      62672 |                     urllib.response
import time:       430 |      63101 |                   urllib.error
import time:       102 |        102 |                   _scproxy
import time:      1985 |      65188 |                 urllib.request
import time:      1682 |       1682 |                 calendar
import time:     41404 |     108272 |               http.cookiejar
import time:      1120 |       1120 |               http.cookies
import time:      3084 |     163273 |             requests.compat
import time:      7082 |     170354 |           requests.exceptions
import time:       176 |        176 |           chardet
import time:      2332 |       2332 |                 idna.idnadata
import time:     10292 |      10292 |                 idna.intranges
import time:      2195 |      14819 |               idna.core
import time:      7563 |       7563 |               idna.package_data
import time:    261745 |     284125 |             idna
import time:       446 |     284570 |           requests.packages
import time:      8918 |       8918 |                 certifi.core
import time:     64441 |      73359 |               certifi
import time:     17328 |      90686 |             requests.certs
import time:     28291 |      28291 |             requests.__version__
import time:      8863 |       8863 |             requests._internal_utils
import time:     13077 |      13077 |             requests.cookies
import time:    151594 |     151594 |             requests.structures
import time:       738 |        738 |             importlib.resources._adapters
import time:    111630 |     111630 |                 importlib.resources._itertools
import time:     22611 |     134241 |               importlib.resources.readers
import time:       307 |     134547 |             importlib.readers
import time:     71396 |     499189 |           requests.utils
import time:     20723 |      20723 |                 requests.auth
import time:       317 |        317 |                     stringprep
import time:       368 |        684 |                   encodings.idna
import time:     65661 |      65661 |                   requests.hooks
import time:     34385 |      34385 |                   requests.status_codes
import time:      6248 |     106976 |                 requests.models
import time:     14935 |      14935 |                   urllib3.contrib
import time:       321 |        321 |                   socks
import time:     41027 |      56282 |                 urllib3.contrib.socks
import time:     62540 |     246519 |               requests.adapters
import time:     27106 |     273625 |             requests.sessions
import time:     84110 |     357734 |           requests.api
import time:       736 |    2969618 |         requests
import time:     28101 |      28101 |           yaml.error
import time:    103851 |     103851 |           yaml.tokens
import time:     67437 |      67437 |           yaml.events
import time:    108957 |     108957 |           yaml.nodes
import time:     11703 |      11703 |             yaml.reader
import time:     63213 |      63213 |             yaml.scanner
import time:     26241 |      26241 |             yaml.parser
import time:      6143 |       6143 |             yaml.composer
import time:      5272 |       5272 |             yaml.constructor
import time:      3665 |       3665 |             yaml.resolver
import time:     19370 |     135603 |           yaml.loader
import time:     24416 |      24416 |             yaml.emitter
import time:      1805 |       1805 |             yaml.serializer
import time:     47433 |      47433 |             yaml.representer
import time:     31969 |     105621 |           yaml.dumper
import time:      1146 |       1146 |             yaml._yaml
import time:     10347 |      11493 |           yaml.cyaml
import time:     54533 |     615592 |         yaml
import time:     44854 |      44854 |                           axiom_oracles.core
import time:      4935 |      49788 |                         axiom_oracles.core.geography
import time:     75787 |     125574 |                       axiom_oracles.comparison.mappings
import time:     76145 |      76145 |                       axiom_oracles.core.results
import time:     30219 |     231937 |                     axiom_oracles.comparison.comparator
import time:     85108 |      85108 |                     axiom_oracles.core.case
import time:     87466 |     404510 |                   axiom_oracles.comparison.report
import time:    103529 |     508038 |                 axiom_oracles.comparison
import time:        79 |     508117 |               axiom_oracles.comparison.comparator
import time:     92586 |      92586 |               axiom_oracles.core.household
import time:     91015 |     691717 |             axiom_oracles
import time:     79946 |      79946 |             axiom_oracles.bridges.population
import time:     31837 |      31837 |             axiom_oracles.bridges.registry
import time:    114708 |     918206 |           axiom_oracles.bridges
import time:        27 |     918233 |         axiom_oracles.bridges.registry
import time:     30579 |      30579 |           axiom_encode.corpus_release
import time:     72163 |      72163 |           axiom_encode.statute
import time:    421445 |     524186 |         axiom_encode.corpus_resolver
import time:    132381 |     132381 |               axiom_encode.repo_routing
import time:    192848 |     192848 |               axiom_encode.concepts.jurisdiction
import time:     97239 |      97239 |               axiom_encode.concepts.registry
import time:    259001 |     681468 |             axiom_encode.concepts.audit
import time:     23657 |      23657 |             axiom_encode.concepts.auto_repair
import time:     97855 |      97855 |             axiom_encode.concepts.validator
import time:    278270 |    1081249 |           axiom_encode.concepts
import time:        34 |    1081282 |         axiom_encode.concepts.jurisdiction
import time:      4174 |       4174 |         axiom_encode.legacy_replacement
import time:     71089 |      71089 |           axiom_encode.rulespec_path_migration
import time:      8562 |      79651 |         axiom_encode.legacy_replacement_overlay
import time:     94498 |      94498 |         axiom_encode.repair_candidate_contract
import time:     90044 |      90044 |         axiom_encode.retry_feedback
import time:     12388 |      12388 |         axiom_encode.toolchain
import time:     90670 |      90670 |         axiom_encode.harness.dependency_stubs
import time:      6035 |       6035 |         axiom_encode.harness.eval_prompt_surface
import time:     21349 |      21349 |         axiom_encode.harness.policyengine_runtime
import time:     78512 |      78512 |           axiom_encode.harness.proof_validator
import time:     49611 |      49611 |           axiom_encode.numeric_equality
import time:   3547126 |    3675249 |         axiom_encode.harness.source_completeness
import time:    320578 |     320578 |           concurrent.futures.thread
import time:    176541 |     176541 |           difflib
import time:    802175 |     802175 |           axiom_oracles.bridges.adapters
import time:    227268 |     227268 |           axiom_encode.engine_binding
import time:     95521 |      95521 |           axiom_encode.rules_engine_compat
import time:  12587345 |   14209426 |         axiom_encode.harness.validator_pipeline
import time:   1115615 |   25609554 |       axiom_encode.harness.evals
import time:    400213 |     400213 |       axiom_encode.harness.metrics
import time:      6854 |   29409998 |     axiom_encode.harness
import time:      6080 |   29435049 |   axiom_encode
import time:     96059 |      96059 |     gettext
import time:    128895 |     224954 |   argparse
import time:       315 |        315 |     _csv
import time:    209134 |     209448 |   csv
import time:     84305 |      84305 |     receipt
import time:      2586 |      86891 |   receipt.sign
import time:       368 |        368 |     axiom_oracles.bridges.repo_routing
import time:     93120 |      93487 |   axiom_oracles.bridges.coverage
import time:     88752 |      88752 |       axiom_oracles.bridges.jurisdiction
import time:     17537 |      17537 |       axiom_oracles.bridges.rulespec_paths
import time:       129 |        129 |       numpy
import time:    270828 |     377246 |     axiom_oracles.bridges.tax_populace
import time:     53666 |     430911 |   axiom_oracles.bridges.efrs_uk
import time:     78679 |      78679 |       axiom_oracles.bridges.snapscreener
import time:       159 |        159 |       numpy
import time:    102588 |     181425 |     axiom_oracles.bridges.snap_populace
import time:       126 |        126 |     numpy
import time:        68 |         68 |     pandas
import time:    103338 |     284955 |   axiom_oracles.bridges.medicaid_populace
import time:   1085145 |    1085145 |   axiom_oracles.bridges.us_populace
import time:    123238 |     123238 |   axiom_encode.validation_waivers
import time:    501437 |     501437 |   axiom_encode.companion_relations
import time:    697710 |     697710 |   axiom_encode.harness.eval_board
import time:    100390 |     100390 |   axiom_encode.legacy_exact_dependent_concepts
import time:       253 |        253 |       termios
import time:    262365 |     262617 |     getpass
import time:       161 |        161 |       _wmi
import time:    223330 |     223491 |     platform
import time:    197468 |     683575 |   axiom_encode.live_run_telemetry
import time:       155 |        155 |       axiom_encode.oracles
import time:       356 |        511 |     axiom_encode.oracles.policyengine
import time:     91575 |      92085 |   axiom_encode.oracles.policyengine.pending
import time:     27983 |      27983 |   axiom_encode.oracles.policyengine.snap_readiness
import time:     97256 |      97256 |   axiom_encode.program_scope
import time:     99535 |      99535 |   axiom_encode.proof_hash_migration
import time:    446254 |   34720296 | axiom_encode.cli
import complete
